{
  "version": 1,
  "recordings": [
    {
      "version": 1,
      "seed": "g1",
      "duration": 6,
      "fixedStep": 0.016666666666666666,
      "final": {
        "version": 7,
        "frame": 360,
        "time": 5.999999999999984,
        "rngState": 2991787091,
        "registries": {
          "enemies": [
            "grunt",
            "swift",
            "tank"
          ],
          "powerups": [
            "shield",
            "overdrive"
          ],
          "upgrades": [
            "damage+",
            "firerate+",
            "spread+"
          ],
          "waveMods": [
            "storm",
            "gravity"
          ],
          "bossPatterns": [
            "laser-cross",
            "safe-lane-volley",
            "multi-beam-intersect",
            "future-converge",
            "spiral-barrage"
          ]
        },
        "registryHash": "a74727e9",
        "versionMap": {
          "enemy:grunt": 1,
          "enemy:swift": 1,
          "enemy:tank": 1,
          "powerup:shield": 1,
          "powerup:overdrive": 1,
          "upgrade:damage+": 1,
          "upgrade:firerate+": 1,
          "upgrade:spread+": 1,
          "waveMod:storm": 1,
          "waveMod:gravity": 1,
          "bossPattern:laser-cross": 1,
          "bossPattern:safe-lane-volley": 1,
          "bossPattern:multi-beam-intersect": 1,
          "bossPattern:future-converge": 1,
          "bossPattern:spiral-barrage": 1
        },
        "summary": {
          "kills": 3,
          "wave": 0,
          "grazeCount": 4,
          "overdriveMeter": 0.22999999999999998,
          "overdriveActive": false,
          "bossActive": false,
          "bossPattern": null,
          "bossStartedFrame": null,
          "bossEndedFrame": null,
          "parallaxLayers": []
        }
      },
      "kills": 3,
      "wave": 0
    },
    {
      "version": 1,
      "seed": "g2",
      "duration": 10,
      "fixedStep": 0.016666666666666666,
      "final": {
        "version": 7,
        "frame": 600,
        "time": 10.000000000000076,
        "rngState": 926559944,
        "registries": {
          "enemies": [
            "grunt",
            "swift",
            "tank"
          ],
          "powerups": [
            "shield",
            "overdrive"
          ],
          "upgrades": [
            "damage+",
            "firerate+",
            "spread+"
          ],
          "waveMods": [
            "storm",
            "gravity"
          ],
          "bossPatterns": [
            "laser-cross",
            "safe-lane-volley",
            "multi-beam-intersect",
            "future-converge",
            "spiral-barrage"
          ]
        },
        "registryHash": "a74727e9",
        "versionMap": {
          "enemy:grunt": 1,
          "enemy:swift": 1,
          "enemy:tank": 1,
          "powerup:shield": 1,
          "powerup:overdrive": 1,
          "upgrade:damage+": 1,
          "upgrade:firerate+": 1,
          "upgrade:spread+": 1,
          "waveMod:storm": 1,
          "waveMod:gravity": 1,
          "bossPattern:laser-cross": 1,
          "bossPattern:safe-lane-volley": 1,
          "bossPattern:multi-beam-intersect": 1,
          "bossPattern:future-converge": 1,
          "bossPattern:spiral-barrage": 1
        },
        "summary": {
          "kills": 10,
          "wave": 1,
          "grazeCount": 6,
          "overdriveMeter": 0.6200000000000001,
          "overdriveActive": false,
          "bossActive": false,
          "bossPattern": null,
          "bossStartedFrame": null,
          "bossEndedFrame": null,
          "parallaxLayers": []
        }
      },
      "kills": 10,
      "wave": 1
    },
    {
      "version": 1,
      "seed": "g3-parallax",
      "duration": 6,
      "fixedStep": 0.016666666666666666,
      "final": {
        "version": 7,
        "frame": 360,
        "time": 5.999999999999984,
        "rngState": 2282704807,
        "registries": {
          "enemies": [
            "grunt",
            "swift",
            "tank"
          ],
          "powerups": [
            "shield",
            "overdrive"
          ],
          "upgrades": [
            "damage+",
            "firerate+",
            "spread+"
          ],
          "waveMods": [
            "storm",
            "gravity"
          ],
          "bossPatterns": [
            "laser-cross",
            "safe-lane-volley",
            "multi-beam-intersect",
            "future-converge",
            "spiral-barrage"
          ]
        },
        "registryHash": "a74727e9",
        "versionMap": {
          "enemy:grunt": 1,
          "enemy:swift": 1,
          "enemy:tank": 1,
          "powerup:shield": 1,
          "powerup:overdrive": 1,
          "upgrade:damage+": 1,
          "upgrade:firerate+": 1,
          "upgrade:spread+": 1,
          "waveMod:storm": 1,
          "waveMod:gravity": 1,
          "bossPattern:laser-cross": 1,
          "bossPattern:safe-lane-volley": 1,
          "bossPattern:multi-beam-intersect": 1,
          "bossPattern:future-converge": 1,
          "bossPattern:spiral-barrage": 1
        },
        "summary": {
          "kills": 4,
          "wave": 0,
          "grazeCount": 4,
          "overdriveMeter": 0.28,
          "overdriveActive": false,
          "bossActive": false,
          "bossPattern": null,
          "bossStartedFrame": null,
          "bossEndedFrame": null,
          "parallaxLayers": [
            {
              "depth": 0.2,
              "color": "#113",
              "tileSize": 1800,
              "step": 140
            },
            {
              "depth": 0.5,
              "color": "#225",
              "tileSize": 1200,
              "step": 90
            }
          ]
        }
      },
      "kills": 4,
      "wave": 0
    },
    {
      "version": 1,
      "seed": "g4-grazeOD",
      "duration": 8,
      "fixedStep": 0.016666666666666666,
      "final": {
        "version": 7,
        "frame": 480,
        "time": 7.999999999999977,
        "rngState": 4131850183,
        "registries": {
          "enemies": [
            "grunt",
            "swift",
            "tank"
          ],
          "powerups": [
            "shield",
            "overdrive"
          ],
          "upgrades": [
            "damage+",
            "firerate+",
            "spread+"
          ],
          "waveMods": [
            "storm",
            "gravity"
          ],
          "bossPatterns": [
            "laser-cross",
            "safe-lane-volley",
            "multi-beam-intersect",
            "future-converge",
            "spiral-barrage"
          ]
        },
        "registryHash": "a74727e9",
        "versionMap": {
          "enemy:grunt": 1,
          "enemy:swift": 1,
          "enemy:tank": 1,
          "powerup:shield": 1,
          "powerup:overdrive": 1,
          "upgrade:damage+": 1,
          "upgrade:firerate+": 1,
          "upgrade:spread+": 1,
          "waveMod:storm": 1,
          "waveMod:gravity": 1,
          "bossPattern:laser-cross": 1,
          "bossPattern:safe-lane-volley": 1,
          "bossPattern:multi-beam-intersect": 1,
          "bossPattern:future-converge": 1,
          "bossPattern:spiral-barrage": 1
        },
        "summary": {
          "kills": 6,
          "wave": 0,
          "grazeCount": 6,
          "overdriveMeter": 0.5,
          "overdriveActive": false,
          "bossActive": false,
          "bossPattern": null,
          "bossStartedFrame": null,
          "bossEndedFrame": null,
          "parallaxLayers": []
        }
      },
      "kills": 6,
      "wave": 0
    },
    {
      "version": 1,
      "seed": "g5-boss",
      "duration": 14,
      "fixedStep": 0.016666666666666666,
      "final": {
        "version": 7,
        "frame": 840,
        "time": 14.000000000000275,
        "rngState": 3824150470,
        "registries": {
          "enemies": [
            "grunt",
            "swift",
            "tank"
          ],
          "powerups": [
            "shield",
            "overdrive"
          ],
          "upgrades": [
            "damage+",
            "firerate+",
            "spread+"
          ],
          "waveMods": [
            "storm",
            "gravity"
          ],
          "bossPatterns": [
            "laser-cross",
            "safe-lane-volley",
            "multi-beam-intersect",
            "future-converge",
            "spiral-barrage"
          ]
        },
        "registryHash": "a74727e9",
        "versionMap": {
          "enemy:grunt": 1,
          "enemy:swift": 1,
          "enemy:tank": 1,
          "powerup:shield": 1,
          "powerup:overdrive": 1,
          "upgrade:damage+": 1,
          "upgrade:firerate+": 1,
          "upgrade:spread+": 1,
          "waveMod:storm": 1,
          "waveMod:gravity": 1,
          "bossPattern:laser-cross": 1,
          "bossPattern:safe-lane-volley": 1,
          "bossPattern:multi-beam-intersect": 1,
          "bossPattern:future-converge": 1,
          "bossPattern:spiral-barrage": 1
        },
        "summary": {
          "kills": 13,
          "wave": 1,
          "grazeCount": 7,
          "overdriveMeter": 0.7900000000000003,
          "overdriveActive": false,
          "bossActive": true,
          "bossPattern": "laser-cross",
          "bossStartedFrame": 0,
          "bossEndedFrame": null,
          "parallaxLayers": []
        }
      },
      "kills": 13,
      "wave": 1
    },
    {
      "version": 1,
      "seed": "g6-boss-safe",
      "duration": 22,
      "fixedStep": 0.016666666666666666,
      "final": {
        "version": 7,
        "frame": 1320,
        "time": 22.000000000000032,
        "rngState": 1234517741,
        "registries": {
          "enemies": [
            "grunt",
            "swift",
            "tank"
          ],
          "powerups": [
            "shield",
            "overdrive"
          ],
          "upgrades": [
            "damage+",
            "firerate+",
            "spread+"
          ],
          "waveMods": [
            "storm",
            "gravity"
          ],
          "bossPatterns": [
            "laser-cross",
            "safe-lane-volley",
            "multi-beam-intersect",
            "future-converge",
            "spiral-barrage"
          ]
        },
        "registryHash": "a74727e9",
        "versionMap": {
          "enemy:grunt": 1,
          "enemy:swift": 1,
          "enemy:tank": 1,
          "powerup:shield": 1,
          "powerup:overdrive": 1,
          "upgrade:damage+": 1,
          "upgrade:firerate+": 1,
          "upgrade:spread+": 1,
          "waveMod:storm": 1,
          "waveMod:gravity": 1,
          "bossPattern:laser-cross": 1,
          "bossPattern:safe-lane-volley": 1,
          "bossPattern:multi-beam-intersect": 1,
          "bossPattern:future-converge": 1,
          "bossPattern:spiral-barrage": 1
        },
        "summary": {
          "kills": 33,
          "wave": 2,
          "grazeCount": 17,
          "overdriveMeter": 0,
          "overdriveActive": false,
          "bossActive": false,
          "bossPattern": "safe-lane-volley",
          "bossStartedFrame": 0,
          "bossEndedFrame": 939,
          "parallaxLayers": []
        }
      },
      "kills": 33,
      "wave": 2
    },
    {
      "version": 1,
      "seed": "g7-boss-multi",
      "duration": 26,
      "fixedStep": 0.016666666666666666,
      "final": {
        "version": 7,
        "frame": 1560,
        "time": 25.999999999999805,
        "rngState": 761060766,
        "registries": {
          "enemies": [
            "grunt",
            "swift",
            "tank"
          ],
          "powerups": [
            "shield",
            "overdrive"
          ],
          "upgrades": [
            "damage+",
            "firerate+",
            "spread+"
          ],
          "waveMods": [
            "storm",
            "gravity"
          ],
          "bossPatterns": [
            "laser-cross",
            "safe-lane-volley",
            "multi-beam-intersect",
            "future-converge",
            "spiral-barrage"
          ]
        },
        "registryHash": "a74727e9",
        "versionMap": {
          "enemy:grunt": 1,
          "enemy:swift": 1,
          "enemy:tank": 1,
          "powerup:shield": 1,
          "powerup:overdrive": 1,
          "upgrade:damage+": 1,
          "upgrade:firerate+": 1,
          "upgrade:spread+": 1,
          "waveMod:storm": 1,
          "waveMod:gravity": 1,
          "bossPattern:laser-cross": 1,
          "bossPattern:safe-lane-volley": 1,
          "bossPattern:multi-beam-intersect": 1,
          "bossPattern:future-converge": 1,
          "bossPattern:spiral-barrage": 1
        },
        "summary": {
          "kills": 36,
          "wave": 2,
          "grazeCount": 12,
          "overdriveMeter": 0.39999999999999997,
          "overdriveActive": false,
          "bossActive": false,
          "bossPattern": "multi-beam-intersect",
          "bossStartedFrame": 0,
          "bossEndedFrame": 889,
          "parallaxLayers": []
        }
      },
      "kills": 36,
      "wave": 2
    },
    {
      "version": 1,
      "seed": "g8-boss-future",
      "duration": 16,
      "fixedStep": 0.016666666666666666,
      "final": {
        "version": 7,
        "frame": 960,
        "time": 16.000000000000373,
        "rngState": 2835398779,
        "registries": {
          "enemies": [
            "grunt",
            "swift",
            "tank"
          ],
          "powerups": [
            "shield",
            "overdrive"
          ],
          "upgrades": [
            "damage+",
            "firerate+",
            "spread+"
          ],
          "waveMods": [
            "storm",
            "gravity"
          ],
          "bossPatterns": [
            "laser-cross",
            "safe-lane-volley",
            "multi-beam-intersect",
            "future-converge",
            "spiral-barrage"
          ]
        },
        "registryHash": "a74727e9",
        "versionMap": {
          "enemy:grunt": 1,
          "enemy:swift": 1,
          "enemy:tank": 1,
          "powerup:shield": 1,
          "powerup:overdrive": 1,
          "upgrade:damage+": 1,
          "upgrade:firerate+": 1,
          "upgrade:spread+": 1,
          "waveMod:storm": 1,
          "waveMod:gravity": 1,
          "bossPattern:laser-cross": 1,
          "bossPattern:safe-lane-volley": 1,
          "bossPattern:multi-beam-intersect": 1,
          "bossPattern:future-converge": 1,
          "bossPattern:spiral-barrage": 1
        },
        "summary": {
          "kills": 16,
          "wave": 1,
          "grazeCount": 12,
          "overdriveMeter": 0,
          "overdriveActive": true,
          "bossActive": true,
          "bossPattern": "future-converge",
          "bossStartedFrame": 0,
          "bossEndedFrame": null,
          "parallaxLayers": []
        }
      },
      "kills": 16,
      "wave": 1
    },
    {
      "version": 1,
      "seed": "g9-boss-spiral",
      "duration": 20,
      "fixedStep": 0.016666666666666666,
      "final": {
        "version": 7,
        "frame": 1200,
        "time": 20.000000000000146,
        "rngState": 3279807599,
        "registries": {
          "enemies": [
            "grunt",
            "swift",
            "tank"
          ],
          "powerups": [
            "shield",
            "overdrive"
          ],
          "upgrades": [
            "damage+",
            "firerate+",
            "spread+"
          ],
          "waveMods": [
            "storm",
            "gravity"
          ],
          "bossPatterns": [
            "laser-cross",
            "safe-lane-volley",
            "multi-beam-intersect",
            "future-converge",
            "spiral-barrage"
          ]
        },
        "registryHash": "a74727e9",
        "versionMap": {
          "enemy:grunt": 1,
          "enemy:swift": 1,
          "enemy:tank": 1,
          "powerup:shield": 1,
          "powerup:overdrive": 1,
          "upgrade:damage+": 1,
          "upgrade:firerate+": 1,
          "upgrade:spread+": 1,
          "waveMod:storm": 1,
          "waveMod:gravity": 1,
          "bossPattern:laser-cross": 1,
          "bossPattern:safe-lane-volley": 1,
          "bossPattern:multi-beam-intersect": 1,
          "bossPattern:future-converge": 1,
          "bossPattern:spiral-barrage": 1
        },
        "summary": {
          "kills": 60,
          "wave": 3,
          "grazeCount": 32,
          "overdriveMeter": 0,
          "overdriveActive": false,
          "bossActive": false,
          "bossPattern": "spiral-barrage",
          "bossStartedFrame": 0,
          "bossEndedFrame": 1011,
          "parallaxLayers": []
        }
      },
      "kills": 60,
      "wave": 3
    }
  ]
}